     1                                 %line 1+1 exer2.asm
     2                                 
     3                                 
     4                                 [segment .data]
     5 00000000 D7                     a db -41
     6 00000001 787D                   b dw 32120
     7 00000003 130EFEFF               c dd -127469
     8 00000007 E2FDD93A00000000       d dq 987364834
     9 0000000F 0000000000000000       sum dq 0
    10                                 
    11                                 [global _start]
    12                                 [segment .text]
    13                                 _start:
    14                                 
    15 00000000 55                      push rbp
    16 00000001 4889E5                  mov rbp, rsp
    17 00000004 4883EC10                sub rsp, 16
    18                                 
    19                                 
    20 00000008 480FBE0425[00000000]      movsx rax, byte [a]
    21 00000011 480FBF1C25[00000000]      movsx rbx, word [b]
    22 0000001A 48630C25[00000000]      movsxd rcx, dword [c]
    23 00000022 488B1425[00000000]      mov rdx, [d]
    24                                 
    25                                 
    26 0000002A 4801D8                  add rax, rbx
    27 0000002D 4801C8                  add rax, rcx
    28 00000030 4801D0                  add rax, rdx
    29 00000033 48890425[00000000]      mov [sum], rax
    30                                 
    31                                 
    32 0000003B 31C0                    xor eax, eax
    33 0000003D C9                      leave
    34 0000003E C3                      ret
