     1                                 %line 1+1 and.asm
     2                                 
     3                                 
     4                                 
     5                                 [global _start]
     6                                 [segment .text]
     7                                 _start:
     8                                 
     9 00000000 55                      push rbp
    10 00000001 4889E5                  mov rbp, rsp
    11 00000004 4883EC10                sub rsp, 16
    12                                 
    13 00000008 48C7C078563412          mov rax, 0x12345678
    14 0000000F 4889C3                  mov rbx, rax
    15 00000012 4883E30F                and rbx, 0xf
    16 00000016 48C7C200000000          mov rdx, 0
    17 0000001D 48C7C110000000          mov rcx, 16
    18 00000024 48F7F9                  idiv rcx
    19 00000027 4883E00F                and rax, 0xf
    20                                 
    21                                 
    22 0000002B 48C7C000000000          mov rax, 0
    23 00000032 C9                      leave
    24 00000033 C3                      ret
