     1                                 %line 1+1 and.asm
     2                                 
     3                                 
     4                                 
     5                                 [segment .data]
     6 00000000 00FF000000000000       x dq 0xff00
     7                                 
     8                                 [global _start]
     9                                 [segment .text]
    10                                 _start:
    11                                 
    12 00000000 55                      push rbp
    13 00000001 4889E5                  mov rbp, rsp
    14 00000004 4883EC10                sub rsp, 16
    15                                 
    16 00000008 48C7C078563412          mov rax, 0x12345678
    17 0000000F 4889C3                  mov rbx, rax
    18 00000012 4883E30F                and rbx, 0xf
    19 00000016 48C7C200000000          mov rdx, 0
    20 0000001D 48C7C110000000          mov rcx, 16
    21 00000024 48F7F9                  idiv rcx
    22 00000027 4883E00F                and rax, 0xf
    23                                 
    24                                 
    25 0000002B 48C7C000000000          mov rax, 0
    26 00000032 C9                      leave
    27 00000033 C3                      ret
