     1                                 %line 1+1 if.asm
     2                                 
     3                                 
     4                                 
     5                                 
     6                                 
     7                                 
     8                                 [segment .data]
     9 00000000 0900000000000000       a dq 9
    10 00000008 0700000000000000       b dq 7
    11 00000010 0000000000000000       temp dq 0
    12                                 
    13                                 [segment .text]
    14                                 [global _start]
    15                                 _start:
    16 00000000 488B0425[00000000]      mov rax, [a]
    17 00000008 488B1C25[00000000]      mov rbx, [b]
    18 00000010 4839D8                  cmp rax, rbx
    19 00000013 7D16                    jge in_order
    20 00000015 48890425[00000000]      mov [temp], rax
    21 0000001D 48891C25[00000000]      mov [a], rbx
    22 00000025 48890425[00000000]      mov [b], rax
    23                                 in_order:
    24 0000002D 31C0                    xor eax, eax
    25 0000002F C3                      ret
