     1                                 %line 1+1 div.asm
     2                                 
     3                                 
     4                                 
     5                                 
     6                                 [segment .data]
     7 00000000 CCF4990000000000       x dq 10089676
     8 00000008 C800000000000000       y dq 200
     9 00000010 0000000000000000       quot dq 0
    10 00000018 0000000000000000       rem dq 0
    11                                 
    12                                 [global _start]
    13                                 [segment .text]
    14                                 _start:
    15                                 
    16 00000000 55                      push rbp
    17 00000001 4889E5                  mov rbp, rsp
    18 00000004 4883EC10                sub rsp, 16
    19                                 
    20 00000008 488B0425[00000000]      mov rax, [x]
    21 00000010 48C7C200000000          mov rdx, 0
    22 00000017 48F73C25[00000000]      idiv qword [y]
    23 0000001F 48890425[00000000]      mov [quot], rax
    24 00000027 48891425[00000000]      mov [rem], rdx
    25                                 
    26                                 
    27 0000002F 48C7C000000000          mov rax, 0
    28 00000036 C9                      leave
    29 00000037 C3                      ret
